// Jest Snapshot v1, https://goo.gl/fbAQLP

exports[`Basic render snapshot test 1`] = `
<div>
  <div
    className="alert alert-danger"
  >
    errormessage
  </div>
  <form>
    <Field
      id="name"
      placeholder="Jouw naam (optioneel)"
      type="text"
    />
    <Field
      field="password"
      id="password"
      placeholder="Jouw nieuwe wachtwoord"
      type="password"
    />
    <button
      className="btn-link undefined"
      onClick={[Function]}
    >
      Toon
       wachtwoord
    </button>
    <button
      className="btn btn-primary btn-block"
      id="passwordSubmitButton"
      type="submit"
    >
      Opslaan
    </button>
  </form>
</div>
`;
