// Jest Snapshot v1, https://goo.gl/fbAQLP

exports[`Basic render snapshot test 1`] = `
<div
  id="page-set-password"
>
  <HelmetWrapper
    title="Wachtwoord kiezen"
  />
  <div>
    <div
      className="row"
    >
      <div
        className="col-xs-12"
      >
        <PageTitle>
          <span
            className="text-primary"
          >
            Wachtwoord
          </span>
           kiezen
        </PageTitle>
      </div>
    </div>
    <div
      className="row"
    >
      <div
        className="col-xs-12"
      >
        <p>
          Kies een wachtwoord voor je bewonersaccount.
        </p>
        <br />
      </div>
    </div>
    <div
      className="row"
    >
      <ConnectedForm
        errorMessage=""
        onSubmit={[Function]}
      />
    </div>
  </div>
</div>
`;
