// Jest Snapshot v1, https://goo.gl/fbAQLP

exports[`Basic render snapshot test 1`] = `
<ReduxFormConnector(RequestResetPasswordForm)
  destroyOnUnmount={true}
  errorMessage="errormessage"
  fields={
    Object {
      "password": "password",
    }
  }
  form="request-reset-password"
  getFormState={[Function]}
  handleSubmit={[Function]}
  reduxMountPoint="form"
  submitPassback={[Function]}
  touchOnBlur={true}
  touchOnChange={false}
  validate={[Function]}
/>
`;
